[2026-06-13T03:52:48.320Z] REQUEST_START: {"url":"http://localhost:3001/api/generate","method":"POST","headers":{"accept":"*/*","content-length":"42","content-type":"application/json","host":"127.0.0.1:3001","user-agent":"curl/8.5.0","x-clerk-auth-message":"","x-clerk-auth-reason":"dev-browser-missing","x-clerk-auth-signature":"","x-clerk-auth-status":"signed-out","x-clerk-auth-token":"","x-clerk-clerk-url":"http://127.0.0.1:3001/api/generate","x-clerk-debug":"true","x-clerk-request-data":"U2FsdGVkX191qsrG+7/0UVyfnHYnpoEWT/z+AOxAgBk=","x-forwarded-for":"::ffff:127.0.0.1","x-forwarded-host":"127.0.0.1:3001","x-forwarded-port":"3001","x-forwarded-proto":"http"}}
[2026-06-13T03:52:48.345Z] AUTH_OK: {"userId":"guest-f998afef-f419-4f13-8eac-ef6c6e0d9898"}
[2026-06-13T03:52:48.348Z] BODY: {"prompt":"Build a todo app","type":"web"}
[2026-06-13T03:52:48.349Z] CREATING_NEW_PROJECT: "No projectId provided"
[2026-06-13T03:52:48.350Z] GENERATED: {"newId":"0853e0d7-1d8e-49a7-adb7-dd8db6681bdb","shortName":"Todo"}
[2026-06-13T03:52:58.433Z] RESEARCH_OK: {"hasResult":true}
[2026-06-13T03:52:58.433Z] DB_INSERT_START: {"newId":"0853e0d7-1d8e-49a7-adb7-dd8db6681bdb","userId":"guest-f998afef-f419-4f13-8eac-ef6c6e0d9898","shortName":"Todo","prompt":"Build a todo app"}
[2026-06-13T03:52:58.442Z] DB_INSERT_OK: {"newId":"0853e0d7-1d8e-49a7-adb7-dd8db6681bdb"}
[2026-06-13T03:52:58.444Z] DB_VERIFY: {"found":true,"projectId":"0853e0d7-1d8e-49a7-adb7-dd8db6681bdb"}
[2026-06-13T03:52:58.488Z] RESPONSE: {"success":true,"projectId":"0853e0d7-1d8e-49a7-adb7-dd8db6681bdb","hasResearch":true,"serverTime":"2026-06-13T03:52:58.488Z"}
[2026-06-13T23:33:26.347Z] REQUEST_START: {"url":"http://localhost:3001/api/generate","method":"POST","headers":{"accept":"*/*","content-length":"45","content-type":"application/json","host":"localhost:3001","user-agent":"curl/8.5.0","x-clerk-auth-message":"","x-clerk-auth-reason":"dev-browser-missing","x-clerk-auth-signature":"","x-clerk-auth-status":"signed-out","x-clerk-auth-token":"","x-clerk-clerk-url":"http://localhost:3001/api/generate","x-clerk-debug":"true","x-clerk-request-data":"U2FsdGVkX18FAon+G15hwnp2lGSGHkeDg7ATSVLXqxk=","x-forwarded-for":"::1","x-forwarded-host":"localhost:3001","x-forwarded-port":"3001","x-forwarded-proto":"http"}}
[2026-06-13T23:33:26.372Z] AUTH_OK: {"userId":"guest-81c0153e-6b70-4020-b78a-0d72167b7ad0"}
[2026-06-13T23:33:26.377Z] BODY: {"prompt":"test database write","type":"web"}
[2026-06-13T23:33:26.378Z] CREATING_NEW_PROJECT: "No projectId provided"
[2026-06-13T23:33:26.379Z] GENERATED: {"newId":"64f885a0-29e9-4be8-98e2-9d992db93517","shortName":"TestDatabaseWrite"}
[2026-06-13T23:33:33.544Z] RESEARCH_OK: {"hasResult":true}
[2026-06-13T23:33:33.546Z] DB_INSERT_START: {"newId":"64f885a0-29e9-4be8-98e2-9d992db93517","userId":"guest-81c0153e-6b70-4020-b78a-0d72167b7ad0","shortName":"TestDatabaseWrite","prompt":"test database write"}
[2026-06-13T23:33:33.555Z] DB_INSERT_OK: {"newId":"64f885a0-29e9-4be8-98e2-9d992db93517"}
[2026-06-13T23:33:33.557Z] DB_VERIFY: {"found":true,"projectId":"64f885a0-29e9-4be8-98e2-9d992db93517"}
[2026-06-13T23:33:33.606Z] RESPONSE: {"success":true,"projectId":"64f885a0-29e9-4be8-98e2-9d992db93517","hasResearch":true,"serverTime":"2026-06-13T23:33:33.606Z"}
[2026-06-13T23:41:41.365Z] REQUEST_START: {"url":"http://localhost:3001/api/generate","method":"POST","headers":{"accept":"*/*","content-length":"52","content-type":"application/json","host":"localhost:3001","user-agent":"curl/8.5.0","x-clerk-auth-message":"","x-clerk-auth-reason":"dev-browser-missing","x-clerk-auth-signature":"","x-clerk-auth-status":"signed-out","x-clerk-auth-token":"","x-clerk-clerk-url":"http://localhost:3001/api/generate","x-clerk-debug":"true","x-clerk-request-data":"U2FsdGVkX1/5LouADrt7hffBK8/pXj3B1pLW+YXDw+A=","x-forwarded-for":"::1","x-forwarded-host":"localhost:3001","x-forwarded-port":"3001","x-forwarded-proto":"http"}}
[2026-06-13T23:41:41.392Z] AUTH_OK: {"userId":"guest-a4ad81fd-75d9-44fe-9c89-23b485117d3f"}
[2026-06-13T23:41:41.399Z] BODY: {"prompt":"test readonly db mobile","type":"mobile"}
[2026-06-13T23:41:41.399Z] CREATING_NEW_PROJECT: "No projectId provided"
[2026-06-13T23:41:41.400Z] GENERATED: {"newId":"47653ed9-be01-4eb4-a07e-94e773196dd3","shortName":"TestReadonlyMobile"}
[2026-06-13T23:41:49.527Z] RESEARCH_OK: {"hasResult":true}
[2026-06-13T23:41:49.528Z] DB_INSERT_START: {"newId":"47653ed9-be01-4eb4-a07e-94e773196dd3","userId":"guest-a4ad81fd-75d9-44fe-9c89-23b485117d3f","shortName":"TestReadonlyMobile","prompt":"test readonly db mobile"}
[2026-06-13T23:41:49.543Z] DB_INSERT_OK: {"newId":"47653ed9-be01-4eb4-a07e-94e773196dd3"}
[2026-06-13T23:41:49.548Z] DB_VERIFY: {"found":true,"projectId":"47653ed9-be01-4eb4-a07e-94e773196dd3"}
[2026-06-13T23:41:49.631Z] RESPONSE: {"success":true,"projectId":"47653ed9-be01-4eb4-a07e-94e773196dd3","hasResearch":true,"serverTime":"2026-06-13T23:41:49.631Z"}
[2026-06-13T23:43:18.836Z] REQUEST_START: {"url":"http://localhost:3001/api/generate","method":"POST","headers":{"accept":"*/*","content-length":"44","content-type":"application/json","host":"127.0.0.1:3001","user-agent":"curl/8.5.0","x-clerk-auth-message":"","x-clerk-auth-reason":"dev-browser-missing","x-clerk-auth-signature":"","x-clerk-auth-status":"signed-out","x-clerk-auth-token":"","x-clerk-clerk-url":"http://127.0.0.1:3001/api/generate","x-clerk-debug":"true","x-clerk-request-data":"U2FsdGVkX193A6LvX4Za0PcZf15Qr8WQKZoDlRbraaA=","x-forwarded-for":"::ffff:127.0.0.1","x-forwarded-host":"127.0.0.1:3001","x-forwarded-port":"3001","x-forwarded-proto":"http"}}
[2026-06-13T23:43:18.844Z] AUTH_OK: {"userId":"guest-c5e72b3d-1c05-4254-93c6-e6f84580fa89"}
[2026-06-13T23:43:18.850Z] BODY: {"prompt":"test via 127.0.0.1","type":"web"}
[2026-06-13T23:43:18.851Z] CREATING_NEW_PROJECT: "No projectId provided"
[2026-06-13T23:43:18.852Z] GENERATED: {"newId":"7afd2847-c0fc-4564-9a88-69f863b13987","shortName":"TestVia127001"}
[2026-06-13T23:43:26.113Z] RESEARCH_OK: {"hasResult":true}
[2026-06-13T23:43:26.114Z] DB_INSERT_START: {"newId":"7afd2847-c0fc-4564-9a88-69f863b13987","userId":"guest-c5e72b3d-1c05-4254-93c6-e6f84580fa89","shortName":"TestVia127001","prompt":"test via 127.0.0.1"}
[2026-06-13T23:43:26.119Z] DB_INSERT_OK: {"newId":"7afd2847-c0fc-4564-9a88-69f863b13987"}
[2026-06-13T23:43:26.120Z] DB_VERIFY: {"found":true,"projectId":"7afd2847-c0fc-4564-9a88-69f863b13987"}
[2026-06-13T23:43:26.160Z] RESPONSE: {"success":true,"projectId":"7afd2847-c0fc-4564-9a88-69f863b13987","hasResearch":true,"serverTime":"2026-06-13T23:43:26.160Z"}
[2026-06-13T23:44:03.092Z] REQUEST_START: {"url":"https://localhost:3001/api/generate","method":"POST","headers":{"accept":"*/*","content-length":"47","content-type":"application/json","host":"base66.cloud","user-agent":"curl/8.5.0","x-clerk-auth-message":"","x-clerk-auth-reason":"dev-browser-missing","x-clerk-auth-signature":"","x-clerk-auth-status":"signed-out","x-clerk-auth-token":"","x-clerk-clerk-url":"https://base66.cloud/api/generate","x-clerk-debug":"true","x-clerk-request-data":"U2FsdGVkX1+yYRWqW/HR9HB2WLRsK29D7Z49r86OEb0=","x-forwarded-for":"::ffff:127.0.0.1","x-forwarded-host":"base66.cloud","x-forwarded-port":"3001","x-forwarded-proto":"https"}}
[2026-06-13T23:44:03.096Z] AUTH_OK: {"userId":"guest-3ccddf49-f5d6-46e3-95f6-a99988e42d71"}
[2026-06-13T23:44:03.103Z] BODY: {"prompt":"test with host header","type":"web"}
[2026-06-13T23:44:03.104Z] CREATING_NEW_PROJECT: "No projectId provided"
[2026-06-13T23:44:03.104Z] GENERATED: {"newId":"557d819c-8f99-4146-b2c4-fc6d966c92ac","shortName":"TestHostHeader"}
[2026-06-13T23:44:12.516Z] RESEARCH_OK: {"hasResult":true}
[2026-06-13T23:44:12.517Z] DB_INSERT_START: {"newId":"557d819c-8f99-4146-b2c4-fc6d966c92ac","userId":"guest-3ccddf49-f5d6-46e3-95f6-a99988e42d71","shortName":"TestHostHeader","prompt":"test with host header"}
[2026-06-13T23:44:12.521Z] DB_INSERT_OK: {"newId":"557d819c-8f99-4146-b2c4-fc6d966c92ac"}
[2026-06-13T23:44:12.523Z] DB_VERIFY: {"found":true,"projectId":"557d819c-8f99-4146-b2c4-fc6d966c92ac"}
[2026-06-13T23:44:12.560Z] RESPONSE: {"success":true,"projectId":"557d819c-8f99-4146-b2c4-fc6d966c92ac","hasResearch":true,"serverTime":"2026-06-13T23:44:12.560Z"}
[2026-06-13T23:58:31.614Z] REQUEST_START: {"url":"http://localhost:3001/api/generate","method":"POST","headers":{"accept":"*/*","connection":"upgrade","content-length":"40","content-type":"application/json","host":"127.0.0.1","user-agent":"curl/8.5.0","x-clerk-auth-message":"","x-clerk-auth-reason":"dev-browser-missing","x-clerk-auth-signature":"","x-clerk-auth-status":"signed-out","x-clerk-auth-token":"","x-clerk-clerk-url":"http://127.0.0.1/api/generate","x-clerk-debug":"true","x-clerk-request-data":"U2FsdGVkX1+ysrS9snLee38rWrNaMyuoOl9lYzpvrrs=","x-forwarded-for":"127.0.0.1","x-forwarded-host":"127.0.0.1","x-forwarded-port":"3001","x-forwarded-proto":"http","x-real-ip":"127.0.0.1"}}
[2026-06-13T23:58:31.618Z] AUTH_OK: {"userId":"guest-210c4831-6215-4b41-912d-e91ea1f5b71f"}
[2026-06-13T23:58:31.622Z] BODY: {"prompt":"test via nginx","type":"web"}
[2026-06-13T23:58:31.622Z] CREATING_NEW_PROJECT: "No projectId provided"
[2026-06-13T23:58:31.622Z] GENERATED: {"newId":"93f3d81d-9062-494f-8405-67179cfaed81","shortName":"TestViaNginx"}
[2026-06-13T23:58:38.234Z] RESEARCH_OK: {"hasResult":true}
[2026-06-13T23:58:38.234Z] DB_INSERT_START: {"newId":"93f3d81d-9062-494f-8405-67179cfaed81","userId":"guest-210c4831-6215-4b41-912d-e91ea1f5b71f","shortName":"TestViaNginx","prompt":"test via nginx"}
[2026-06-13T23:58:38.240Z] DB_INSERT_OK: {"newId":"93f3d81d-9062-494f-8405-67179cfaed81"}
[2026-06-13T23:58:38.241Z] DB_VERIFY: {"found":true,"projectId":"93f3d81d-9062-494f-8405-67179cfaed81"}
[2026-06-13T23:58:38.279Z] RESPONSE: {"success":true,"projectId":"93f3d81d-9062-494f-8405-67179cfaed81","hasResearch":true,"serverTime":"2026-06-13T23:58:38.279Z"}
[2026-06-14T01:12:39.328Z] REQUEST_START: {"url":"http://localhost:3001/api/generate","method":"POST","headers":{"accept":"*/*","content-length":"57","content-type":"application/json","host":"base66.cloud","user-agent":"curl/8.5.0","x-clerk-auth-message":"","x-clerk-auth-reason":"dev-browser-missing","x-clerk-auth-signature":"","x-clerk-auth-status":"signed-out","x-clerk-auth-token":"","x-clerk-clerk-url":"http://base66.cloud/api/generate","x-clerk-debug":"true","x-clerk-request-data":"U2FsdGVkX18nP8D/zao+xguxJmT2tsOXJG5FKBAYmcE=","x-forwarded-for":"::1","x-forwarded-host":"base66.cloud","x-forwarded-port":"3001","x-forwarded-proto":"http"}}
[2026-06-14T01:12:39.353Z] AUTH_OK: {"userId":"guest-cc2bf8a8-66b4-4270-8bcf-6346e94c8b4d"}
[2026-06-14T01:12:39.360Z] BODY: {"prompt":"test localhost with host header","type":"web"}
[2026-06-14T01:12:39.360Z] CREATING_NEW_PROJECT: "No projectId provided"
[2026-06-14T01:12:39.362Z] GENERATED: {"newId":"6b4b197e-1bb7-4ce6-b078-324eb6054f8c","shortName":"TestLocalhostHost"}
[2026-06-14T01:12:50.476Z] RESEARCH_OK: {"hasResult":true}
[2026-06-14T01:12:50.477Z] DB_INSERT_START: {"newId":"6b4b197e-1bb7-4ce6-b078-324eb6054f8c","userId":"guest-cc2bf8a8-66b4-4270-8bcf-6346e94c8b4d","shortName":"TestLocalhostHost","prompt":"test localhost with host header"}
[2026-06-14T01:12:50.493Z] DB_INSERT_OK: {"newId":"6b4b197e-1bb7-4ce6-b078-324eb6054f8c"}
[2026-06-14T01:12:50.496Z] DB_VERIFY: {"found":true,"projectId":"6b4b197e-1bb7-4ce6-b078-324eb6054f8c"}
[2026-06-14T01:12:50.586Z] RESPONSE: {"success":true,"projectId":"6b4b197e-1bb7-4ce6-b078-324eb6054f8c","hasResearch":true,"serverTime":"2026-06-14T01:12:50.586Z"}
[2026-06-14T01:25:54.279Z] REQUEST_START: {"url":"http://localhost:3001/api/generate","method":"POST","headers":{"accept":"*/*","content-length":"47","content-type":"application/json","host":"base66.cloud","user-agent":"curl/8.5.0","x-clerk-auth-message":"","x-clerk-auth-reason":"dev-browser-missing","x-clerk-auth-signature":"","x-clerk-auth-status":"signed-out","x-clerk-auth-token":"","x-clerk-clerk-url":"http://base66.cloud/api/generate","x-clerk-debug":"true","x-clerk-request-data":"U2FsdGVkX1+xvwNmgB8MW4Sknfl1RAhES8VkwrF9fg0=","x-forwarded-for":"::1","x-forwarded-host":"base66.cloud","x-forwarded-port":"3001","x-forwarded-proto":"http"}}
[2026-06-14T01:25:54.291Z] AUTH_OK: {"userId":"guest-0eeaeb09-598d-4ece-8249-4edfe6a4796b"}
[2026-06-14T01:25:54.296Z] BODY: {"prompt":"test direct localhost","type":"web"}
[2026-06-14T01:25:54.296Z] CREATING_NEW_PROJECT: "No projectId provided"
[2026-06-14T01:25:54.297Z] GENERATED: {"newId":"ae027d63-4e6f-4b4a-9d78-41d4a0f1164e","shortName":"TestDirectLocalhost"}
[2026-06-14T01:26:00.995Z] RESEARCH_OK: {"hasResult":true}
[2026-06-14T01:26:00.995Z] DB_INSERT_START: {"newId":"ae027d63-4e6f-4b4a-9d78-41d4a0f1164e","userId":"guest-0eeaeb09-598d-4ece-8249-4edfe6a4796b","shortName":"TestDirectLocalhost","prompt":"test direct localhost"}
[2026-06-14T01:26:01.001Z] DB_INSERT_OK: {"newId":"ae027d63-4e6f-4b4a-9d78-41d4a0f1164e"}
[2026-06-14T01:26:01.002Z] DB_VERIFY: {"found":true,"projectId":"ae027d63-4e6f-4b4a-9d78-41d4a0f1164e"}
[2026-06-14T01:26:01.058Z] RESPONSE: {"success":true,"projectId":"ae027d63-4e6f-4b4a-9d78-41d4a0f1164e","hasResearch":true,"serverTime":"2026-06-14T01:26:01.058Z"}
[2026-06-14T03:12:31.067Z] REQUEST_START: {"url":"http://localhost:3001/api/generate","method":"POST","headers":{"accept":"*/*","content-length":"44","content-type":"application/json","host":"localhost:3001","user-agent":"curl/8.5.0","x-clerk-auth-message":"","x-clerk-auth-reason":"dev-browser-missing","x-clerk-auth-signature":"","x-clerk-auth-status":"signed-out","x-clerk-auth-token":"","x-clerk-clerk-url":"http://localhost:3001/api/generate","x-clerk-debug":"true","x-clerk-request-data":"U2FsdGVkX18hw0XDXZ1sQMyBMa/h9BSXdGQRfzJDu7E=","x-forwarded-for":"::1","x-forwarded-host":"localhost:3001","x-forwarded-port":"3001","x-forwarded-proto":"http"}}
[2026-06-14T03:12:31.096Z] AUTH_OK: {"userId":"guest-d71d6a8e-3527-4723-b3c6-3729ba69cfbd"}
[2026-06-14T03:12:31.110Z] BODY: {"prompt":"test localhost now","type":"web"}
[2026-06-14T03:12:31.110Z] CREATING_NEW_PROJECT: "No projectId provided"
[2026-06-14T03:12:31.111Z] GENERATED: {"newId":"525f69bd-d5b0-4b64-95fc-8b49c95de2cb","shortName":"TestLocalhost"}
[2026-06-14T03:12:38.404Z] RESEARCH_OK: {"hasResult":true}
[2026-06-14T03:12:38.405Z] DB_INSERT_START: {"newId":"525f69bd-d5b0-4b64-95fc-8b49c95de2cb","userId":"guest-d71d6a8e-3527-4723-b3c6-3729ba69cfbd","shortName":"TestLocalhost","prompt":"test localhost now"}
[2026-06-14T03:12:38.414Z] DB_INSERT_OK: {"newId":"525f69bd-d5b0-4b64-95fc-8b49c95de2cb"}
[2026-06-14T03:12:38.416Z] DB_VERIFY: {"found":true,"projectId":"525f69bd-d5b0-4b64-95fc-8b49c95de2cb"}
[2026-06-14T03:12:38.473Z] RESPONSE: {"success":true,"projectId":"525f69bd-d5b0-4b64-95fc-8b49c95de2cb","hasResearch":true,"serverTime":"2026-06-14T03:12:38.473Z"}
[2026-06-14T04:20:18.764Z] MODULE_LOADED: /api/generate/route.ts loaded
[2026-06-14T04:20:22.271Z] MODULE_LOADED: /api/generate/route.ts loaded
[2026-06-14T04:24:10.564Z] MODULE_LOADED: /api/generate/route.ts loaded
[2026-06-14T04:24:14.085Z] MODULE_LOADED: /api/generate/route.ts loaded
[2026-06-14T04:42:46.743Z] GET_REQUEST: {"url":"http://localhost:3001/api/generate","method":"GET","headers":{"accept":"*/*","host":"localhost:3001","user-agent":"curl/8.5.0","x-clerk-auth-message":"","x-clerk-auth-reason":"dev-browser-missing","x-clerk-auth-signature":"","x-clerk-auth-status":"signed-out","x-clerk-auth-token":"","x-clerk-clerk-url":"http://localhost:3001/api/generate","x-clerk-debug":"true","x-clerk-request-data":"U2FsdGVkX18CvbZHW4O7zqfoL7HAdzVM2qiyV3+WxhE=","x-forwarded-for":"::1","x-forwarded-host":"localhost:3001","x-forwarded-port":"3001","x-forwarded-proto":"http"}}
[2026-06-14T04:57:19.354Z] MODULE_LOADED: /api/generate/route.ts loaded
[2026-06-14T04:58:35.940Z] MODULE_LOADED: /api/generate/route.ts loaded
[2026-06-14T05:16:36.371Z] REQUEST_START: {"url":"http://localhost:3001/api/generate","method":"POST","headers":{"accept":"*/*","content-length":"47","content-type":"application/json","host":"base66.cloud","user-agent":"curl/8.5.0","x-clerk-auth-message":"","x-clerk-auth-reason":"dev-browser-missing","x-clerk-auth-signature":"","x-clerk-auth-status":"signed-out","x-clerk-auth-token":"","x-clerk-clerk-url":"http://base66.cloud/api/generate","x-clerk-debug":"true","x-clerk-request-data":"U2FsdGVkX1/ViyvoSG+le8zNCPHiR3Ho8pHnMJr9ILk=","x-forwarded-for":"::1","x-forwarded-host":"base66.cloud","x-forwarded-port":"3001","x-forwarded-proto":"http"}}
[2026-06-14T05:16:36.402Z] AUTH_OK: {"userId":"guest-307cc1ad-f998-4811-aae0-8fb1cc012f0f"}
[2026-06-14T05:16:36.411Z] BODY: {"prompt":"test with host header","type":"web"}
[2026-06-14T05:16:36.411Z] CREATING_NEW_PROJECT: "No projectId provided"
[2026-06-14T05:16:36.412Z] GENERATED: {"newId":"bf78317f-d384-47a4-abf2-1ea5e8b7f567","shortName":"TestHostHeader"}
[2026-06-14T05:16:44.796Z] RESEARCH_OK: {"hasResult":true}
[2026-06-14T05:16:44.796Z] DB_INSERT_START: {"newId":"bf78317f-d384-47a4-abf2-1ea5e8b7f567","userId":"guest-307cc1ad-f998-4811-aae0-8fb1cc012f0f","shortName":"TestHostHeader","prompt":"test with host header"}
[2026-06-14T05:16:44.804Z] DB_INSERT_OK: {"newId":"bf78317f-d384-47a4-abf2-1ea5e8b7f567"}
[2026-06-14T05:16:44.806Z] DB_VERIFY: {"found":true,"projectId":"bf78317f-d384-47a4-abf2-1ea5e8b7f567"}
[2026-06-14T05:16:44.848Z] RESPONSE: {"success":true,"projectId":"bf78317f-d384-47a4-abf2-1ea5e8b7f567","hasResearch":true,"serverTime":"2026-06-14T05:16:44.848Z"}
[2026-06-14T05:19:42.841Z] MODULE_LOADED: /api/generate/route.ts loaded
[2026-06-14T05:20:37.616Z] MODULE_LOADED: /api/generate/route.ts loaded
[2026-06-14T05:24:15.538Z] MODULE_LOADED: /api/generate/route.ts loaded
[2026-06-14T05:25:11.928Z] MODULE_LOADED: /api/generate/route.ts loaded
[2026-06-14T06:39:02.208Z] MODULE_LOADED: /api/generate/route.ts loaded
[2026-06-14T06:39:31.800Z] MODULE_LOADED: /api/generate/route.ts loaded
[2026-06-14T13:12:44.840Z] MODULE_LOADED: /api/generate/route.ts loaded
[2026-06-14T13:32:34.701Z] MODULE_LOADED: /api/generate/route.ts loaded
[2026-06-14T13:35:43.816Z] MODULE_LOADED: /api/generate/route.ts loaded
[2026-06-14T14:19:49.424Z] MODULE_LOADED: /api/generate/route.ts loaded
[2026-06-14T14:19:53.156Z] MODULE_LOADED: /api/generate/route.ts loaded
[2026-06-14T14:33:51.972Z] MODULE_LOADED: /api/generate/route.ts loaded
[2026-06-14T15:59:41.491Z] MODULE_LOADED: /api/generate/route.ts loaded
[2026-06-14T16:02:13.804Z] MODULE_LOADED: /api/generate/route.ts loaded
[2026-06-14T16:23:43.017Z] MODULE_LOADED: /api/generate/route.ts loaded
[2026-06-14T16:25:34.483Z] MODULE_LOADED: /api/generate/route.ts loaded
[2026-06-14T16:38:51.627Z] MODULE_LOADED: /api/generate/route.ts loaded
[2026-06-14T16:39:51.819Z] MODULE_LOADED: /api/generate/route.ts loaded
[2026-06-15T01:44:16.545Z] MODULE_LOADED: /api/generate/route.ts loaded
[2026-06-15T01:44:42.646Z] MODULE_LOADED: /api/generate/route.ts loaded
[2026-06-15T02:27:24.205Z] MODULE_LOADED: /api/generate/route.ts loaded
[2026-06-15T02:27:27.253Z] MODULE_LOADED: /api/generate/route.ts loaded
[2026-06-15T02:34:50.483Z] MODULE_LOADED: /api/generate/route.ts loaded
[2026-06-15T02:34:53.500Z] MODULE_LOADED: /api/generate/route.ts loaded
[2026-06-15T03:15:08.860Z] MODULE_LOADED: /api/generate/route.ts loaded
[2026-06-15T03:15:11.845Z] MODULE_LOADED: /api/generate/route.ts loaded
[2026-06-15T03:42:50.979Z] MODULE_LOADED: /api/generate/route.ts loaded
[2026-06-15T03:42:53.930Z] MODULE_LOADED: /api/generate/route.ts loaded
[2026-06-15T18:55:48.631Z] MODULE_LOADED: /api/generate/route.ts loaded
[2026-06-15T18:55:51.660Z] MODULE_LOADED: /api/generate/route.ts loaded
[2026-06-15T21:33:32.444Z] MODULE_LOADED: /api/generate/route.ts loaded
[2026-06-15T21:33:48.766Z] MODULE_LOADED: /api/generate/route.ts loaded
[2026-06-15T21:35:09.333Z] MODULE_LOADED: /api/generate/route.ts loaded
[2026-06-15T21:35:13.750Z] MODULE_LOADED: /api/generate/route.ts loaded
[2026-06-15T21:40:18.134Z] MODULE_LOADED: /api/generate/route.ts loaded
[2026-06-15T21:40:30.062Z] MODULE_LOADED: /api/generate/route.ts loaded
[2026-06-15T22:29:43.449Z] MODULE_LOADED: /api/generate/route.ts loaded
[2026-06-15T22:29:50.953Z] MODULE_LOADED: /api/generate/route.ts loaded
[2026-06-16T01:08:39.685Z] MODULE_LOADED: /api/generate/route.ts loaded
[2026-06-16T01:08:54.657Z] MODULE_LOADED: /api/generate/route.ts loaded
[2026-06-16T01:27:38.310Z] MODULE_LOADED: /api/generate/route.ts loaded
[2026-06-16T01:28:18.448Z] MODULE_LOADED: /api/generate/route.ts loaded
[2026-06-16T02:51:01.563Z] MODULE_LOADED: /api/generate/route.ts loaded
[2026-06-16T02:51:51.927Z] MODULE_LOADED: /api/generate/route.ts loaded
[2026-06-16T02:55:33.717Z] MODULE_LOADED: /api/generate/route.ts loaded
[2026-06-16T02:56:31.373Z] MODULE_LOADED: /api/generate/route.ts loaded
[2026-06-16T03:18:52.154Z] MODULE_LOADED: /api/generate/route.ts loaded
[2026-06-16T03:22:16.449Z] MODULE_LOADED: /api/generate/route.ts loaded
[2026-06-16T03:35:36.800Z] MODULE_LOADED: /api/generate/route.ts loaded
[2026-06-16T03:36:18.816Z] MODULE_LOADED: /api/generate/route.ts loaded
[2026-06-16T03:59:07.852Z] MODULE_LOADED: /api/generate/route.ts loaded
[2026-06-16T03:59:50.268Z] MODULE_LOADED: /api/generate/route.ts loaded
[2026-06-16T12:23:44.831Z] MODULE_LOADED: /api/generate/route.ts loaded
[2026-06-16T12:43:21.410Z] MODULE_LOADED: /api/generate/route.ts loaded
[2026-06-16T15:20:25.354Z] MODULE_LOADED: /api/generate/route.ts loaded
[2026-06-16T15:22:27.083Z] MODULE_LOADED: /api/generate/route.ts loaded
[2026-06-16T15:25:30.913Z] REQUEST_START: {"url":"http://localhost:3000/api/generate","method":"POST","headers":{"accept":"*/*","cache-control":"no-store, no-cache, must-revalidate, proxy-revalidate","content-length":"173","content-type":"application/json","expires":"0","host":"localhost:3000","pragma":"no-cache","surrogate-control":"no-store","user-agent":"curl/8.5.0","x-clerk-auth-message":"","x-clerk-auth-reason":"dev-browser-missing","x-clerk-auth-signature":"","x-clerk-auth-status":"signed-out","x-clerk-auth-token":"","x-clerk-clerk-url":"http://localhost:3000/api/generate","x-clerk-debug":"true","x-clerk-request-data":"U2FsdGVkX18Nu/R49RjLuHjaFdCca48u4Un1wMF5dmo=","x-forwarded-for":"::1","x-forwarded-host":"localhost:3000","x-forwarded-port":"3000","x-forwarded-proto":"http"}}
[2026-06-16T15:25:30.962Z] AUTH_OK: {"userId":"guest-1b3bb3ba-6a39-4399-ba8d-fac0d8971d4d"}
[2026-06-16T15:25:30.970Z] BODY: {"prompt":"A simple weather dashboard with city search and 5-day forecast cards. Use shadcn components and dark mode.","type":"web","skipResearch":true}
[2026-06-16T15:25:30.970Z] CREATING_NEW_PROJECT: "No projectId provided"
[2026-06-16T15:25:30.971Z] GENERATED: {"newId":"09352c47-94d4-4a81-8f2b-dab6f52e3f00","shortName":"SimpleWeatherCity"}
[2026-06-16T15:25:30.972Z] DB_INSERT_START: {"newId":"09352c47-94d4-4a81-8f2b-dab6f52e3f00","userId":"guest-1b3bb3ba-6a39-4399-ba8d-fac0d8971d4d","shortName":"SimpleWeatherCity","prompt":"A simple weather dashboard with city search and 5-day forecast cards. Use shadcn components and dark mode."}
[2026-06-16T15:25:30.986Z] DB_INSERT_OK: {"newId":"09352c47-94d4-4a81-8f2b-dab6f52e3f00"}
[2026-06-16T15:25:30.992Z] DB_VERIFY: {"found":true,"projectId":"09352c47-94d4-4a81-8f2b-dab6f52e3f00"}
[2026-06-16T15:25:31.051Z] RESPONSE: {"success":true,"projectId":"09352c47-94d4-4a81-8f2b-dab6f52e3f00","hasResearch":false,"serverTime":"2026-06-16T15:25:31.051Z"}
[2026-06-18T21:47:44.978Z] MODULE_LOADED: /api/generate/route.ts loaded
[2026-06-18T21:48:05.127Z] MODULE_LOADED: /api/generate/route.ts loaded
[2026-06-18T21:52:11.262Z] MODULE_LOADED: /api/generate/route.ts loaded
[2026-06-18T21:52:19.244Z] MODULE_LOADED: /api/generate/route.ts loaded
[2026-06-18T21:53:56.233Z] MODULE_LOADED: /api/generate/route.ts loaded
[2026-06-18T22:27:49.263Z] MODULE_LOADED: /api/generate/route.ts loaded
[2026-06-18T22:34:53.036Z] MODULE_LOADED: /api/generate/route.ts loaded
[2026-06-18T22:35:03.756Z] MODULE_LOADED: /api/generate/route.ts loaded
[2026-06-18T22:43:41.021Z] MODULE_LOADED: /api/generate/route.ts loaded
[2026-06-18T22:43:49.694Z] MODULE_LOADED: /api/generate/route.ts loaded
[2026-06-18T22:49:20.606Z] MODULE_LOADED: /api/generate/route.ts loaded
[2026-06-18T22:49:29.747Z] MODULE_LOADED: /api/generate/route.ts loaded
[2026-06-18T22:55:42.499Z] MODULE_LOADED: /api/generate/route.ts loaded
[2026-06-18T22:55:50.968Z] MODULE_LOADED: /api/generate/route.ts loaded
[2026-06-18T23:15:59.672Z] MODULE_LOADED: /api/generate/route.ts loaded
[2026-06-18T23:16:10.603Z] MODULE_LOADED: /api/generate/route.ts loaded
[2026-06-18T23:48:54.291Z] MODULE_LOADED: /api/generate/route.ts loaded
[2026-06-18T23:54:21.004Z] MODULE_LOADED: /api/generate/route.ts loaded
[2026-06-18T23:55:48.389Z] MODULE_LOADED: /api/generate/route.ts loaded
[2026-06-18T23:55:57.214Z] MODULE_LOADED: /api/generate/route.ts loaded
[2026-06-18T23:56:59.472Z] MODULE_LOADED: /api/generate/route.ts loaded
[2026-06-19T00:00:25.364Z] MODULE_LOADED: /api/generate/route.ts loaded
[2026-06-19T00:08:38.365Z] MODULE_LOADED: /api/generate/route.ts loaded
[2026-06-19T00:08:48.823Z] MODULE_LOADED: /api/generate/route.ts loaded
[2026-06-19T00:13:28.747Z] MODULE_LOADED: /api/generate/route.ts loaded
[2026-06-19T00:13:44.200Z] MODULE_LOADED: /api/generate/route.ts loaded
[2026-06-19T00:28:38.155Z] MODULE_LOADED: /api/generate/route.ts loaded
[2026-06-19T00:28:42.202Z] MODULE_LOADED: /api/generate/route.ts loaded
[2026-06-19T01:44:39.470Z] MODULE_LOADED: /api/generate/route.ts loaded
[2026-06-19T01:44:43.646Z] MODULE_LOADED: /api/generate/route.ts loaded
[2026-06-19T01:48:51.283Z] MODULE_LOADED: /api/generate/route.ts loaded
[2026-06-19T01:48:56.916Z] MODULE_LOADED: /api/generate/route.ts loaded
[2026-06-19T01:51:36.645Z] MODULE_LOADED: /api/generate/route.ts loaded
[2026-06-19T01:51:40.854Z] MODULE_LOADED: /api/generate/route.ts loaded
[2026-06-19T01:53:45.266Z] MODULE_LOADED: /api/generate/route.ts loaded
[2026-06-19T01:54:59.803Z] MODULE_LOADED: /api/generate/route.ts loaded
[2026-06-19T01:59:54.936Z] MODULE_LOADED: /api/generate/route.ts loaded
[2026-06-19T01:59:59.173Z] MODULE_LOADED: /api/generate/route.ts loaded
[2026-06-19T02:09:39.944Z] MODULE_LOADED: /api/generate/route.ts loaded
[2026-06-19T02:09:44.053Z] MODULE_LOADED: /api/generate/route.ts loaded
[2026-06-19T02:11:12.246Z] MODULE_LOADED: /api/generate/route.ts loaded
[2026-06-19T02:11:16.448Z] MODULE_LOADED: /api/generate/route.ts loaded
[2026-06-19T02:38:17.575Z] MODULE_LOADED: /api/generate/route.ts loaded
[2026-06-19T02:38:29.192Z] MODULE_LOADED: /api/generate/route.ts loaded
[2026-06-19T02:39:32.278Z] MODULE_LOADED: /api/generate/route.ts loaded
[2026-06-19T03:09:42.568Z] MODULE_LOADED: /api/generate/route.ts loaded
[2026-06-19T03:09:46.670Z] MODULE_LOADED: /api/generate/route.ts loaded
[2026-06-19T03:12:21.300Z] MODULE_LOADED: /api/generate/route.ts loaded
[2026-06-19T03:12:25.263Z] MODULE_LOADED: /api/generate/route.ts loaded
[2026-06-19T03:30:45.408Z] MODULE_LOADED: /api/generate/route.ts loaded
[2026-06-19T03:30:50.451Z] MODULE_LOADED: /api/generate/route.ts loaded
[2026-06-19T03:31:31.261Z] MODULE_LOADED: /api/generate/route.ts loaded
[2026-06-19T03:31:51.115Z] MODULE_LOADED: /api/generate/route.ts loaded
[2026-06-19T12:01:18.873Z] MODULE_LOADED: /api/generate/route.ts loaded
[2026-06-19T12:01:57.269Z] MODULE_LOADED: /api/generate/route.ts loaded
[2026-06-19T18:17:26.650Z] MODULE_LOADED: /api/generate/route.ts loaded
[2026-06-19T18:17:30.671Z] MODULE_LOADED: /api/generate/route.ts loaded
[2026-06-19T18:22:21.804Z] MODULE_LOADED: /api/generate/route.ts loaded
[2026-06-19T18:22:25.729Z] MODULE_LOADED: /api/generate/route.ts loaded
[2026-06-19T18:23:29.206Z] MODULE_LOADED: /api/generate/route.ts loaded
[2026-06-19T18:23:33.115Z] MODULE_LOADED: /api/generate/route.ts loaded
[2026-06-19T18:24:38.695Z] MODULE_LOADED: /api/generate/route.ts loaded
[2026-06-19T18:24:42.760Z] MODULE_LOADED: /api/generate/route.ts loaded
[2026-06-19T18:37:42.539Z] MODULE_LOADED: /api/generate/route.ts loaded
[2026-06-19T18:37:46.510Z] MODULE_LOADED: /api/generate/route.ts loaded
[2026-06-19T18:38:56.715Z] MODULE_LOADED: /api/generate/route.ts loaded
[2026-06-19T18:39:00.712Z] MODULE_LOADED: /api/generate/route.ts loaded
[2026-06-19T19:16:37.215Z] MODULE_LOADED: /api/generate/route.ts loaded
[2026-06-19T19:16:46.373Z] MODULE_LOADED: /api/generate/route.ts loaded
[2026-06-19T19:18:35.205Z] MODULE_LOADED: /api/generate/route.ts loaded
[2026-06-19T19:18:43.392Z] MODULE_LOADED: /api/generate/route.ts loaded
[2026-06-19T19:40:57.324Z] MODULE_LOADED: /api/generate/route.ts loaded
[2026-06-19T19:41:04.993Z] MODULE_LOADED: /api/generate/route.ts loaded
[2026-06-19T22:10:29.738Z] MODULE_LOADED: /api/generate/route.ts loaded
[2026-06-19T22:10:39.151Z] MODULE_LOADED: /api/generate/route.ts loaded
[2026-06-19T23:44:32.780Z] MODULE_LOADED: /api/generate/route.ts loaded
[2026-06-19T23:44:41.188Z] MODULE_LOADED: /api/generate/route.ts loaded
[2026-06-20T00:36:16.135Z] MODULE_LOADED: /api/generate/route.ts loaded
[2026-06-20T00:39:02.431Z] MODULE_LOADED: /api/generate/route.ts loaded
[2026-06-20T00:39:15.004Z] MODULE_LOADED: /api/generate/route.ts loaded
[2026-06-20T11:52:39.990Z] MODULE_LOADED: /api/generate/route.ts loaded
[2026-06-20T11:56:14.723Z] MODULE_LOADED: /api/generate/route.ts loaded
